../Middlewares/TraceRecorder/trcDiagnostics.c:17:13:xTraceDiagnosticsInitialize	4	static
../Middlewares/TraceRecorder/trcDiagnostics.c:36:13:xTraceDiagnosticsGet	0	static
../Middlewares/TraceRecorder/trcDiagnostics.c:52:13:xTraceDiagnosticsSet	0	static
../Middlewares/TraceRecorder/trcDiagnostics.c:65:13:xTraceDiagnosticsAdd	4	static
../Middlewares/TraceRecorder/trcDiagnostics.c:78:13:xTraceDiagnosticsIncrease	0	static
../Middlewares/TraceRecorder/trcDiagnostics.c:83:13:xTraceDiagnosticsDecrease	0	static
../Middlewares/TraceRecorder/trcDiagnostics.c:88:13:xTraceDiagnosticsSetIfHigher	0	static
../Middlewares/TraceRecorder/trcDiagnostics.c:104:13:xTraceDiagnosticsSetIfLower	0	static
../Middlewares/TraceRecorder/trcDiagnostics.c:120:13:xTraceDiagnosticsCheckStatus	8	static
