../Middlewares/TraceRecorder/trcError.c:181:20:prvTraceErrorGetDescription	0	static
../Middlewares/TraceRecorder/trcError.c:117:20:prvTraceErrorPrint	24	static
../Middlewares/TraceRecorder/trcError.c:24:13:xTraceErrorInitialize	4	static
../Middlewares/TraceRecorder/trcError.c:40:13:xTraceWarning	8	static
../Middlewares/TraceRecorder/trcError.c:60:13:xTraceError	8	static
../Middlewares/TraceRecorder/trcError.c:89:13:xTraceErrorGetLast	0	static
../Middlewares/TraceRecorder/trcError.c:103:13:xTraceErrorClear	0	static
