../Middlewares/TraceRecorder/trcEntryTable.c:37:13:xTraceEntryIndexTableInitialize	0	static
../Middlewares/TraceRecorder/trcEntryTable.c:47:13:xTraceEntryTableInitialize	4	static
../Middlewares/TraceRecorder/trcEntryTable.c:78:13:xTraceEntryCreate	24	static,ignoring_inline_asm
../Middlewares/TraceRecorder/trcEntryTable.c:125:13:xTraceEntryDelete	4	static,ignoring_inline_asm
../Middlewares/TraceRecorder/trcEntryTable.c:166:13:xTraceEntryFind	8	static
../Middlewares/TraceRecorder/trcEntryTable.c:195:13:xTraceEntrySetSymbol	16	static
../Middlewares/TraceRecorder/trcEntryTable.c:230:13:xTraceEntryGetCount	0	static
../Middlewares/TraceRecorder/trcEntryTable.c:243:13:xTraceEntryGetAtIndex	0	static
