../Middlewares/TraceRecorder/trcKernelPort.c:235:8:TzCtrl	8	static
../Middlewares/TraceRecorder/trcKernelPort.c:143:13:xTraceKernelPortDelay	8	static
../Middlewares/TraceRecorder/trcKernelPort.c:150:15:xTraceKernelPortIsSchedulerSuspended	8	static
../Middlewares/TraceRecorder/trcKernelPort.c:171:13:xTraceKernelPortInitialize	0	static
../Middlewares/TraceRecorder/trcKernelPort.c:188:13:xTraceKernelPortEnable	32	static
../Middlewares/TraceRecorder/trcKernelPort.c:249:6:vTraceSetQueueName	0	static
../Middlewares/TraceRecorder/trcKernelPort.c:254:6:vTraceSetSemaphoreName	0	static
../Middlewares/TraceRecorder/trcKernelPort.c:259:6:vTraceSetMutexName	0	static
../Middlewares/TraceRecorder/trcKernelPort.c:289:19:xTraceKernelPortGetSystemHeapHandle	0	static
