../Middlewares/TraceRecorder/trcStreamingRecorder.c:142:13:xTraceInitialize	16	static
../Middlewares/TraceRecorder/trcStreamingRecorder.c:274:13:xTraceHeaderInitialize	0	static
../Middlewares/TraceRecorder/trcStreamingRecorder.c:346:13:xTraceEnable	24	static,ignoring_inline_asm
../Middlewares/TraceRecorder/trcStreamingRecorder.c:408:13:xTraceDisable	0	static,ignoring_inline_asm
../Middlewares/TraceRecorder/trcStreamingRecorder.c:431:13:xTraceGetEventBuffer	0	static
../Middlewares/TraceRecorder/trcStreamingRecorder.c:445:13:xTraceTzCtrl	8	static
../Middlewares/TraceRecorder/trcStreamingRecorder.c:489:6:vTraceSetFilterGroup	0	static
../Middlewares/TraceRecorder/trcStreamingRecorder.c:494:6:vTraceSetFilterMask	0	static
